// Jest Snapshot v1, https://goo.gl/fbAQLP

exports[`should render NotFoundPage correctly 1`] = `
<div
  className="box-container"
>
  <div
    className="box-layout"
  >
    <div
      className="box-layout__box"
    >
      404 - 
      <Link
        className="link"
        replace={false}
        to="/"
      >
        Go home
      </Link>
    </div>
  </div>
</div>
`;
